// Jest Snapshot v1, https://goo.gl/fbAQLP

exports[`The Exports Button componentâ€™s snapshot renders as expected 1`] = `
<View
  accessible={true}
  isTVSelectable={true}
  onResponderGrant={[Function]}
  onResponderMove={[Function]}
  onResponderRelease={[Function]}
  onResponderTerminate={[Function]}
  onResponderTerminationRequest={[Function]}
  onStartShouldSetResponder={[Function]}
  style={
    Object {
      "alignItems": "center",
      "backgroundColor": "#18A0FB",
      "borderBottomLeftRadius": 30,
      "borderBottomRightRadius": 30,
      "borderTopLeftRadius": 6,
      "borderTopRightRadius": 6,
      "bottom": 20,
      "flexDirection": "row",
      "height": 70,
      "justifyContent": "center",
      "left": "10%",
      "opacity": 1,
      "padding": 5,
      "width": "90%",
    }
  }
>
  <Text
    style={
      Object {
        "color": "#FFFFFF",
        "fontSize": 16,
        "fontWeight": "bold",
      }
    }
  >
    Copy to clipboard
  </Text>
</View>
`;
