// Jest Snapshot v1, https://goo.gl/fbAQLP

exports[`The Inputcomponentâ€™s snapshot renders as expected 1`] = `
<TextInput
  allowFontScaling={true}
  autoFocus={false}
  onChangeText={[Function]}
  rejectResponderTermination={true}
  returnKeyType="done"
  style={
    Array [
      Object {
        "borderColor": "gray",
        "borderWidth": 1,
        "fontSize": 14,
        "height": 40,
        "padding": 5,
      },
      Object {
        "width": 200,
      },
    ]
  }
  textContentType="none"
  underlineColorAndroid="transparent"
  value="Test"
/>
`;
