// Jest Snapshot v1, https://goo.gl/fbAQLP

exports[`The Header componentâ€™s snapshot renders as expected 1`] = `
<View
  style={
    Object {
      "backgroundColor": "#FFFFFF",
      "borderColor": "#000000",
      "borderWidth": 0.5,
      "height": 100,
      "width": "100%",
    }
  }
/>
`;
