// Jest Snapshot v1, https://goo.gl/fbAQLP

exports[`The Home componentâ€™s snapshot renders as expected 1`] = `
<RCTScrollView
  alwaysBounceVertical={false}
  indicatorStyle="black"
  keyboardDismissMode="interactive"
  style={
    Object {
      "backgroundColor": "#F5F5F5",
      "bottom": 0,
      "left": 0,
      "paddingHorizontal": 40,
      "paddingTop": 50,
      "position": "absolute",
      "right": 0,
      "top": 0,
    }
  }
>
  <View>
    <View
      accessible={true}
      isTVSelectable={true}
      onResponderGrant={[Function]}
      onResponderMove={[Function]}
      onResponderRelease={[Function]}
      onResponderTerminate={[Function]}
      onResponderTerminationRequest={[Function]}
      onStartShouldSetResponder={[Function]}
      style={
        Object {
          "borderRadius": 12,
          "borderWidth": 1,
          "color": "black",
          "fontSize": 24,
          "opacity": 1,
          "overflow": "hidden",
          "padding": 12,
          "textAlign": "center",
        }
      }
    >
      <Text>
        Create a sticker
      </Text>
    </View>
  </View>
</RCTScrollView>
`;
