// Jest Snapshot v1, https://goo.gl/fbAQLP

exports[`The Screen Container componentâ€™s snapshot renders as expected 1`] = `
<RCTScrollView
  alwaysBounceVertical={false}
  indicatorStyle="black"
  keyboardDismissMode="interactive"
  style={
    Object {
      "backgroundColor": "#F5F5F5",
      "bottom": 0,
      "left": 0,
      "paddingHorizontal": 40,
      "paddingTop": 50,
      "position": "absolute",
      "right": 0,
      "top": 0,
    }
  }
>
  <View>
    <Text>
      Test
    </Text>
  </View>
</RCTScrollView>
`;
