// Jest Snapshot v1, https://goo.gl/fbAQLP

exports[`The Template Picker componentâ€™s snapshot renders as expected 1`] = `
<View
  style={
    Object {
      "backgroundColor": "#F5F5F5",
      "bottom": 0,
      "left": 0,
      "position": "absolute",
      "right": 0,
      "top": 0,
    }
  }
>
  <View
    style={
      Object {
        "alignSelf": "center",
        "top": 200,
      }
    }
  >
    <View
      style={
        Array [
          Object {
            "backgroundColor": "#000000",
          },
          Object {
            "alignItems": "center",
            "borderRadius": 6,
            "justifyContent": "center",
          },
          Object {
            "height": 100,
            "width": 200,
          },
        ]
      }
    >
      <Text
        style={
          Object {
            "color": "white",
          }
        }
      >
        
      </Text>
    </View>
  </View>
  <View
    style={
      Object {
        "bottom": 0,
        "flexDirection": "column",
        "justifyContent": "space-between",
        "position": "absolute",
        "width": "100%",
      }
    }
  >
    <View
      style={
        Object {
          "marginBottom": 20,
          "width": "100%",
        }
      }
    >
      <RCTScrollView
        horizontal={true}
      >
        <View>
          <View
            accessible={true}
            isTVSelectable={true}
            onResponderGrant={[Function]}
            onResponderMove={[Function]}
            onResponderRelease={[Function]}
            onResponderTerminate={[Function]}
            onResponderTerminationRequest={[Function]}
            onStartShouldSetResponder={[Function]}
            style={
              Object {
                "alignItems": "flex-end",
                "backgroundColor": "#FFFFFF",
                "borderRadius": 6,
                "flexDirection": "row",
                "height": 80,
                "justifyContent": "center",
                "marginHorizontal": 20,
                "opacity": 1,
                "padding": 5,
                "width": 60,
              }
            }
          >
            <Text
              style={false}
            >
              Colour
            </Text>
          </View>
          <View
            accessible={true}
            isTVSelectable={true}
            onResponderGrant={[Function]}
            onResponderMove={[Function]}
            onResponderRelease={[Function]}
            onResponderTerminate={[Function]}
            onResponderTerminationRequest={[Function]}
            onStartShouldSetResponder={[Function]}
            style={
              Object {
                "alignItems": "flex-end",
                "backgroundColor": "#FFFFFF",
                "borderRadius": 6,
                "flexDirection": "row",
                "height": 80,
                "justifyContent": "center",
                "marginHorizontal": 20,
                "opacity": 1,
                "padding": 5,
                "width": 60,
              }
            }
          >
            <Text
              style={false}
            >
              Shape
            </Text>
          </View>
          <View
            accessible={true}
            isTVSelectable={true}
            onResponderGrant={[Function]}
            onResponderMove={[Function]}
            onResponderRelease={[Function]}
            onResponderTerminate={[Function]}
            onResponderTerminationRequest={[Function]}
            onStartShouldSetResponder={[Function]}
            style={
              Object {
                "alignItems": "flex-end",
                "backgroundColor": "#FFFFFF",
                "borderRadius": 6,
                "flexDirection": "row",
                "height": 80,
                "justifyContent": "center",
                "marginHorizontal": 20,
                "opacity": 1,
                "padding": 5,
                "width": 60,
              }
            }
          >
            <Text
              style={false}
            >
              Text
            </Text>
          </View>
        </View>
      </RCTScrollView>
    </View>
    <View
      style={
        Object {
          "backgroundColor": "#FFFFFF",
          "borderColor": "#000000",
          "borderWidth": 0.5,
          "height": 300,
          "width": "100%",
        }
      }
    >
      <RCTScrollView
        horizontal={true}
        style={
          Object {
            "height": 200,
            "width": "100%",
          }
        }
      >
        <View />
      </RCTScrollView>
      <View
        accessible={true}
        isTVSelectable={true}
        onResponderGrant={[Function]}
        onResponderMove={[Function]}
        onResponderRelease={[Function]}
        onResponderTerminate={[Function]}
        onResponderTerminationRequest={[Function]}
        onStartShouldSetResponder={[Function]}
        style={
          Object {
            "alignItems": "center",
            "backgroundColor": "#18A0FB",
            "borderBottomLeftRadius": 30,
            "borderBottomRightRadius": 30,
            "borderTopLeftRadius": 6,
            "borderTopRightRadius": 6,
            "flexDirection": "row",
            "height": 70,
            "justifyContent": "center",
            "marginHorizontal": 20,
            "opacity": 1,
            "padding": 5,
            "width": "100%",
          }
        }
      >
        <Text
          style={
            Object {
              "color": "#FFFFFF",
              "fontSize": 16,
              "fontWeight": "bold",
            }
          }
        >
          Export to camera roll
        </Text>
      </View>
    </View>
  </View>
</View>
`;
