// Jest Snapshot v1, https://goo.gl/fbAQLP

exports[`The Options Container componentâ€™s snapshot renders as expected 1`] = `
<View
  style={
    Object {
      "height": 160,
      "width": "100%",
    }
  }
>
  <RCTScrollView
    contentContainerStyle={
      Object {
        "flexDirection": "column",
        "flexWrap": "wrap",
        "height": "100%",
        "justifyContent": "space-evenly",
      }
    }
    horizontal={true}
  >
    <View>
      <View
        accessible={true}
        isTVSelectable={true}
        onResponderGrant={[Function]}
        onResponderMove={[Function]}
        onResponderRelease={[Function]}
        onResponderTerminate={[Function]}
        onResponderTerminationRequest={[Function]}
        onStartShouldSetResponder={[Function]}
        style={
          Object {
            "backgroundColor": "#FD5C63",
            "borderRadius": 30,
            "height": 60,
            "marginHorizontal": 15,
            "opacity": 1,
            "width": 60,
          }
        }
      />
      <View
        accessible={true}
        isTVSelectable={true}
        onResponderGrant={[Function]}
        onResponderMove={[Function]}
        onResponderRelease={[Function]}
        onResponderTerminate={[Function]}
        onResponderTerminationRequest={[Function]}
        onStartShouldSetResponder={[Function]}
        style={
          Object {
            "backgroundColor": "#00C1B2",
            "borderRadius": 30,
            "height": 60,
            "marginHorizontal": 15,
            "opacity": 1,
            "width": 60,
          }
        }
      />
      <View
        accessible={true}
        isTVSelectable={true}
        onResponderGrant={[Function]}
        onResponderMove={[Function]}
        onResponderRelease={[Function]}
        onResponderTerminate={[Function]}
        onResponderTerminationRequest={[Function]}
        onStartShouldSetResponder={[Function]}
        style={
          Object {
            "backgroundColor": "#7289DA",
            "borderRadius": 30,
            "height": 60,
            "marginHorizontal": 15,
            "opacity": 1,
            "width": 60,
          }
        }
      />
      <View
        accessible={true}
        isTVSelectable={true}
        onResponderGrant={[Function]}
        onResponderMove={[Function]}
        onResponderRelease={[Function]}
        onResponderTerminate={[Function]}
        onResponderTerminationRequest={[Function]}
        onStartShouldSetResponder={[Function]}
        style={
          Object {
            "backgroundColor": "#EA4C89",
            "borderRadius": 30,
            "height": 60,
            "marginHorizontal": 15,
            "opacity": 1,
            "width": 60,
          }
        }
      />
      <View
        accessible={true}
        isTVSelectable={true}
        onResponderGrant={[Function]}
        onResponderMove={[Function]}
        onResponderRelease={[Function]}
        onResponderTerminate={[Function]}
        onResponderTerminationRequest={[Function]}
        onStartShouldSetResponder={[Function]}
        style={
          Object {
            "backgroundColor": "#3B5998",
            "borderRadius": 30,
            "height": 60,
            "marginHorizontal": 15,
            "opacity": 1,
            "width": 60,
          }
        }
      />
      <View
        accessible={true}
        isTVSelectable={true}
        onResponderGrant={[Function]}
        onResponderMove={[Function]}
        onResponderRelease={[Function]}
        onResponderTerminate={[Function]}
        onResponderTerminationRequest={[Function]}
        onStartShouldSetResponder={[Function]}
        style={
          Object {
            "backgroundColor": "#333333",
            "borderColor": "#333333",
            "borderRadius": 30,
            "borderWidth": 5,
            "height": 60,
            "marginHorizontal": 15,
            "opacity": 1,
            "width": 60,
          }
        }
      />
      <View
        accessible={true}
        isTVSelectable={true}
        onResponderGrant={[Function]}
        onResponderMove={[Function]}
        onResponderRelease={[Function]}
        onResponderTerminate={[Function]}
        onResponderTerminationRequest={[Function]}
        onStartShouldSetResponder={[Function]}
        style={
          Object {
            "backgroundColor": "#E1306C",
            "borderRadius": 30,
            "height": 60,
            "marginHorizontal": 15,
            "opacity": 1,
            "width": 60,
          }
        }
      />
      <View
        accessible={true}
        isTVSelectable={true}
        onResponderGrant={[Function]}
        onResponderMove={[Function]}
        onResponderRelease={[Function]}
        onResponderTerminate={[Function]}
        onResponderTerminationRequest={[Function]}
        onStartShouldSetResponder={[Function]}
        style={
          Object {
            "backgroundColor": "#0077b5",
            "borderRadius": 30,
            "height": 60,
            "marginHorizontal": 15,
            "opacity": 1,
            "width": 60,
          }
        }
      />
      <View
        accessible={true}
        isTVSelectable={true}
        onResponderGrant={[Function]}
        onResponderMove={[Function]}
        onResponderRelease={[Function]}
        onResponderTerminate={[Function]}
        onResponderTerminationRequest={[Function]}
        onStartShouldSetResponder={[Function]}
        style={
          Object {
            "backgroundColor": "#E0393E",
            "borderRadius": 30,
            "height": 60,
            "marginHorizontal": 15,
            "opacity": 1,
            "width": 60,
          }
        }
      />
      <View
        accessible={true}
        isTVSelectable={true}
        onResponderGrant={[Function]}
        onResponderMove={[Function]}
        onResponderRelease={[Function]}
        onResponderTerminate={[Function]}
        onResponderTerminationRequest={[Function]}
        onStartShouldSetResponder={[Function]}
        style={
          Object {
            "backgroundColor": "#00AB6C",
            "borderRadius": 30,
            "height": 60,
            "marginHorizontal": 15,
            "opacity": 1,
            "width": 60,
          }
        }
      />
      <View
        accessible={true}
        isTVSelectable={true}
        onResponderGrant={[Function]}
        onResponderMove={[Function]}
        onResponderRelease={[Function]}
        onResponderTerminate={[Function]}
        onResponderTerminationRequest={[Function]}
        onStartShouldSetResponder={[Function]}
        style={
          Object {
            "backgroundColor": "#0084FF",
            "borderRadius": 30,
            "height": 60,
            "marginHorizontal": 15,
            "opacity": 1,
            "width": 60,
          }
        }
      />
      <View
        accessible={true}
        isTVSelectable={true}
        onResponderGrant={[Function]}
        onResponderMove={[Function]}
        onResponderRelease={[Function]}
        onResponderTerminate={[Function]}
        onResponderTerminationRequest={[Function]}
        onStartShouldSetResponder={[Function]}
        style={
          Object {
            "backgroundColor": "#BD081C",
            "borderRadius": 30,
            "height": 60,
            "marginHorizontal": 15,
            "opacity": 1,
            "width": 60,
          }
        }
      />
      <View
        accessible={true}
        isTVSelectable={true}
        onResponderGrant={[Function]}
        onResponderMove={[Function]}
        onResponderRelease={[Function]}
        onResponderTerminate={[Function]}
        onResponderTerminationRequest={[Function]}
        onStartShouldSetResponder={[Function]}
        style={
          Object {
            "backgroundColor": "#FFFC00",
            "borderRadius": 30,
            "height": 60,
            "marginHorizontal": 15,
            "opacity": 1,
            "width": 60,
          }
        }
      />
      <View
        accessible={true}
        isTVSelectable={true}
        onResponderGrant={[Function]}
        onResponderMove={[Function]}
        onResponderRelease={[Function]}
        onResponderTerminate={[Function]}
        onResponderTerminationRequest={[Function]}
        onStartShouldSetResponder={[Function]}
        style={
          Object {
            "backgroundColor": "#6441A5",
            "borderRadius": 30,
            "height": 60,
            "marginHorizontal": 15,
            "opacity": 1,
            "width": 60,
          }
        }
      />
      <View
        accessible={true}
        isTVSelectable={true}
        onResponderGrant={[Function]}
        onResponderMove={[Function]}
        onResponderRelease={[Function]}
        onResponderTerminate={[Function]}
        onResponderTerminationRequest={[Function]}
        onStartShouldSetResponder={[Function]}
        style={
          Object {
            "backgroundColor": "#1DA1F2",
            "borderRadius": 30,
            "height": 60,
            "marginHorizontal": 15,
            "opacity": 1,
            "width": 60,
          }
        }
      />
      <View
        accessible={true}
        isTVSelectable={true}
        onResponderGrant={[Function]}
        onResponderMove={[Function]}
        onResponderRelease={[Function]}
        onResponderTerminate={[Function]}
        onResponderTerminationRequest={[Function]}
        onStartShouldSetResponder={[Function]}
        style={
          Object {
            "backgroundColor": "#FF0000",
            "borderRadius": 30,
            "height": 60,
            "marginHorizontal": 15,
            "opacity": 1,
            "width": 60,
          }
        }
      />
    </View>
  </RCTScrollView>
</View>
`;
