// Jest Snapshot v1, https://goo.gl/fbAQLP

exports[`The Template Item componentâ€™s snapshot renders as expected 1`] = `
<View
  style={
    Array [
      Object {
        "backgroundColor": "green",
      },
      Object {
        "height": 100,
        "width": 200,
      },
    ]
  }
>
  <Text />
</View>
`;
