// Jest Snapshot v1, https://goo.gl/fbAQLP

exports[`The Colour componentâ€™s snapshot renders as expected 1`] = `
<View
  accessible={true}
  isTVSelectable={true}
  onResponderGrant={[Function]}
  onResponderMove={[Function]}
  onResponderRelease={[Function]}
  onResponderTerminate={[Function]}
  onResponderTerminationRequest={[Function]}
  onStartShouldSetResponder={[Function]}
  style={
    Object {
      "backgroundColor": "#333333",
      "borderRadius": 30,
      "height": 60,
      "marginHorizontal": 15,
      "opacity": 1,
      "width": 60,
    }
  }
/>
`;
