// Jest Snapshot v1, https://goo.gl/fbAQLP

exports[`The Shape Picker componentâ€™s snapshot renders as expected 1`] = `
Array [
  <View
    accessible={true}
    isTVSelectable={true}
    onResponderGrant={[Function]}
    onResponderMove={[Function]}
    onResponderRelease={[Function]}
    onResponderTerminate={[Function]}
    onResponderTerminationRequest={[Function]}
    onStartShouldSetResponder={[Function]}
    style={
      Object {
        "backgroundColor": "yellow",
        "borderRadius": 20,
        "height": 50,
        "opacity": 1,
        "width": 50,
      }
    }
  />,
  <Text>
    Square
  </Text>,
  <View
    accessible={true}
    isTVSelectable={true}
    onResponderGrant={[Function]}
    onResponderMove={[Function]}
    onResponderRelease={[Function]}
    onResponderTerminate={[Function]}
    onResponderTerminationRequest={[Function]}
    onStartShouldSetResponder={[Function]}
    style={
      Object {
        "backgroundColor": "green",
        "borderColor": "green",
        "borderRadius": 20,
        "borderWidth": 3,
        "height": 50,
        "opacity": 1,
        "width": 80,
      }
    }
  />,
  <Text>
    Rectangle
  </Text>,
]
`;
